<testsuites id="" name="" tests="9" failures="1" skipped="0" errors="0" time="10.084594">
<testsuite name="APITest.spec.js" timestamp="2026-10-03T15:49:26.316Z" hostname="chromium" tests="4" failures="0" skipped="0" time="1.665" errors="0">
<testcase name="Get users" classname="APITest.spec.js" time="0.4">
<system-out>
<![CDATA[{
  page: [33m2[39m,
  per_page: [33m6[39m,
  total: [33m12[39m,
  total_pages: [33m2[39m,
  data: [
    {
      id: [33m7[39m,
      email: [32m'michael.lawson@reqres.in'[39m,
      first_name: [32m'Michael'[39m,
      last_name: [32m'Lawson'[39m,
      avatar: [32m'https://reqres.in/img/faces/7-image.jpg'[39m
    },
    {
      id: [33m8[39m,
      email: [32m'lindsay.ferguson@reqres.in'[39m,
      first_name: [32m'Lindsay'[39m,
      last_name: [32m'Ferguson'[39m,
      avatar: [32m'https://reqres.in/img/faces/8-image.jpg'[39m
    },
    {
      id: [33m9[39m,
      email: [32m'tobias.funke@reqres.in'[39m,
      first_name: [32m'Tobias'[39m,
      last_name: [32m'Funke'[39m,
      avatar: [32m'https://reqres.in/img/faces/9-image.jpg'[39m
    },
    {
      id: [33m10[39m,
      email: [32m'byron.fields@reqres.in'[39m,
      first_name: [32m'Byron'[39m,
      last_name: [32m'Fields'[39m,
      avatar: [32m'https://reqres.in/img/faces/10-image.jpg'[39m
    },
    {
      id: [33m11[39m,
      email: [32m'george.edwards@reqres.in'[39m,
      first_name: [32m'George'[39m,
      last_name: [32m'Edwards'[39m,
      avatar: [32m'https://reqres.in/img/faces/11-image.jpg'[39m
    },
    {
      id: [33m12[39m,
      email: [32m'rachel.howell@reqres.in'[39m,
      first_name: [32m'Rachel'[39m,
      last_name: [32m'Howell'[39m,
      avatar: [32m'https://reqres.in/img/faces/12-image.jpg'[39m
    }
  ],
  support: {
    url: [32m'https://benhowdle.im/first-cto-playbook?utm_source=reqres&utm_medium=json&utm_campaign=referral'[39m,
    text: [32m'Become a better CTO. A playbook of painful stories and practical advice from a two-time startup CTO.'[39m
  },
  _meta: {
    powered_by: [32m'ReqRes'[39m,
    docs_url: [32m'https://app.reqres.in/documentation'[39m,
    upgrade_url: [32m'https://app.reqres.in/upgrade'[39m,
    example_url: [32m'https://app.reqres.in/examples/notes-app'[39m,
    variant: [32m'v1_a'[39m,
    message: [32m'Your data persists here. Add auth, logs, and custom schemas to build a real backend.'[39m,
    cta: {
      label: [32m'See example app'[39m,
      url: [32m'https://app.reqres.in/examples/notes-app'[39m
    },
    context: [32m'legacy_success'[39m
  }
}
]]>
</system-out>
</testcase>
<testcase name="Create user" classname="APITest.spec.js" time="0.205">
<system-out>
<![CDATA[{
  name: [32m'kumar'[39m,
  job: [32m'trainer'[39m,
  id: [32m'905'[39m,
  createdAt: [32m'2026-10-03T15:49:28.805Z'[39m,
  _meta: {
    powered_by: [32m'ReqRes'[39m,
    docs_url: [32m'https://app.reqres.in/documentation'[39m,
    upgrade_url: [32m'https://app.reqres.in/upgrade'[39m,
    example_url: [32m'https://app.reqres.in/examples/notes-app'[39m,
    variant: [32m'v1_a'[39m,
    message: [32m'Your data persists here. Add auth, logs, and custom schemas to build a real backend.'[39m,
    cta: {
      label: [32m'See example app'[39m,
      url: [32m'https://app.reqres.in/examples/notes-app'[39m
    },
    context: [32m'legacy_success'[39m
  }
}
]]>
</system-out>
</testcase>
<testcase name="Update user" classname="APITest.spec.js" time="0.384">
<system-out>
<![CDATA[{
  name: [32m'kumar'[39m,
  job: [32m'engineer'[39m,
  updatedAt: [32m'2026-10-03T15:49:29.110Z'[39m,
  _meta: {
    powered_by: [32m'ReqRes'[39m,
    docs_url: [32m'https://app.reqres.in/documentation'[39m,
    upgrade_url: [32m'https://app.reqres.in/upgrade'[39m,
    example_url: [32m'https://app.reqres.in/examples/notes-app'[39m,
    variant: [32m'v1_a'[39m,
    message: [32m'Your data persists here. Add auth, logs, and custom schemas to build a real backend.'[39m,
    cta: {
      label: [32m'See example app'[39m,
      url: [32m'https://app.reqres.in/examples/notes-app'[39m
    },
    context: [32m'legacy_success'[39m
  }
}
]]>
</system-out>
</testcase>
<testcase name="Delete user" classname="APITest.spec.js" time="0.676">
</testcase>
</testsuite>
<testsuite name="example.spec.js" timestamp="2026-10-03T15:49:26.316Z" hostname="chromium" tests="2" failures="0" skipped="0" time="3.351" errors="0">
<testcase name="has title" classname="example.spec.js" time="1.513">
</testcase>
<testcase name="get started link" classname="example.spec.js" time="1.838">
</testcase>
</testsuite>
<testsuite name="HomePageTest.spec.js" timestamp="2026-10-03T15:49:26.316Z" hostname="chromium" tests="1" failures="0" skipped="0" time="1.846" errors="0">
<testcase name="Home Page" classname="HomePageTest.spec.js" time="1.846">
<system-out>
<![CDATA[Page Title: Promise { [36m<pending>[39m }
]]>
</system-out>
</testcase>
</testsuite>
<testsuite name="Hooks.spec.js" timestamp="2026-10-03T15:49:26.316Z" hostname="chromium" tests="2" failures="1" skipped="0" time="2.501" errors="0">
<testcase name="Home Page Test" classname="Hooks.spec.js" time="0.013">
<system-out>
<![CDATA[Total products on home page: 0

[[ATTACHMENT|test-results\Hooks-Home-Page-Test-chromium\error-context.md]]

[[ATTACHMENT|test-results\Hooks-Home-Page-Test-chromium\error-context.md]]
]]>
</system-out>
<failure message="expect(received).toHaveLength(expected)" type="expect.toHaveLength">
<![CDATA[  [chromium] › Hooks.spec.js:18:5 › Home Page Test ─────────────────────────────────────────────────

    Error: expect(received).toHaveLength(expected)

    Expected length: 9
    Received length: 0
    Received array:  []

      19 |   const products = await page.$$(".hrefch");
      20 |   console.log("Total products on home page: " + products.length);
    > 21 |   expect(products).toHaveLength(9);
         |                    ^
      22 | });
      23 |
      24 | test("Add product to cart test", async () => {
        at C:\Rohini\Playwright Framework\e2e\Hooks.spec.js:21:20

    Error Context: ..\test-results\Hooks-Home-Page-Test-chromium\error-context.md

    Error Context: ..\test-results\Hooks-Home-Page-Test-chromium\error-context.md
]]>
</failure>
</testcase>
<testcase name="Add product to cart test" classname="Hooks.spec.js" time="2.488">
</testcase>
</testsuite>
</testsuites>